Drill report for mainBoard.kicad_pcb
Created on Sun 11 Feb 2024 17:27:50 CET

Copper Layer Stackup:
    =============================================================
    L1 :  F.Cu                      front
    L2 :  In1.Cu                    in1
    L3 :  In2.Cu                    in2
    L4 :  B.Cu                      back


Drill file 'mainBoard-PTH.drl' contains
    plated through holes:
    =============================================================
    T1  0.300mm  0.0118"  (16 holes)
    T2  0.400mm  0.0157"  (189 holes)
    T3  0.650mm  0.0256"  (10 holes)
    T4  0.800mm  0.0315"  (2 holes)
    T5  0.950mm  0.0374"  (11 holes)
    T6  1.000mm  0.0394"  (50 holes)
    T7  1.010mm  0.0398"  (2 holes)
    T8  1.320mm  0.0520"  (2 holes)
    T9  2.200mm  0.0866"  (2 holes)
    T10  3.200mm  0.1260"  (4 holes)

    Total plated holes count 288


Drill file 'mainBoard-NPTH.drl' contains
    unplated through holes:
    =============================================================
    T1  1.200mm  0.0472"  (2 holes)

    Total unplated holes count 2
